2026-08-16 11:00:09,883	INFO	Start main routine for show ENS16Aug26
2026-08-16 11:00:09,883	INFO	Removing old working directory /srv/mm/3rrr/work09Aug
2026-08-16 11:00:09,909	INFO	Removing old show directory /srv/mm/3rrr/show09Aug
2026-08-16 11:00:10,087	INFO	mplayer cmd: mplayer -endpos 01:02:00 -quiet -nocache -vo null -vc dummy -ao pcm:waveheader:file=/srv/mm/3rrr/work16Aug/ENS16Aug26.wav_1.wav http://realtime.rrr.org.au/p1h
2026-08-16 11:00:10,100	INFO	waiting for mplayer to create the wav file, count:0
2026-08-16 11:00:11,102	INFO	waiting for the wav file to grow, size:0
2026-08-16 11:00:12,103	INFO	waiting for the wav file to grow, size:1638400
2026-08-16 11:00:13,110	INFO	sampling rate is 44100
2026-08-16 11:00:13,110	INFO	Status info: rc is 1  runtime is 0  remtime is 3720   fsize is 1966080
2026-08-16 12:02:16,870	INFO	Show ENS remaining time: 0
2026-08-16 12:02:21,877	INFO	sox cmd: sox /srv/mm/3rrr/work16Aug/ENS16Aug26.wav_1.wav /srv/mm/3rrr/work16Aug/ENS16Aug26.wav
2026-08-16 12:03:09,429	INFO	sox cmd: sox /srv/mm/3rrr/work16Aug/ENS16Aug26.wav -c1 -b16 /srv/mm/3rrr/work16Aug/Einstein-A-Go-Go-20260816.wav_mon.wav
2026-08-16 12:03:42,404	INFO	sox cmd: sox /srv/mm/3rrr/work16Aug/Einstein-A-Go-Go-20260816.wav /srv/mm/3rrr/work16Aug/Einstein-A-Go-Go-20260816.wav_loud.wav compand 0.01,1 -90,-90,-70,-70,-60,-20,0,0 -5
2026-08-16 12:04:10,134	INFO	lame cmd: lame --quiet -b 320 --add-id3v2 --ty 2026 --tt Einstein A Go Go - 16 August 2026 --tc Einstein A Go Go can be heard every Sunday at 11.00am on 3RRR FM 102.7 MHz in Melbourne, Australia (http://www.rrr.org.au). Visit our website for more information (http://www.rrr.org.au/program/einstein-a-go-go/). --tg Podcast --ta Einstein A Go Go --tl Triple R FM /srv/mm/3rrr/work16Aug/ENS16Aug26.wav /srv/mm/3rrr/work16Aug/ENS16Aug26.mp3
2026-08-16 12:08:10,418	INFO	lame cmd: lame --quiet --preset 64 --add-id3v2 --ty 2026 --tt Einstein A Go Go - 16 August 2026 --tc Einstein A Go Go can be heard every Sunday at 11.00am on 3RRR FM 102.7 MHz in Melbourne, Australia (http://www.rrr.org.au). Visit our website for more information (http://www.rrr.org.au/program/einstein-a-go-go/). --tg Speech --ta Triple R --tl Triple R /srv/mm/3rrr/work16Aug/Einstein-A-Go-Go-20260816.wav /srv/mm/3rrr/work16Aug/Einstein-A-Go-Go-20260816.mp3
2026-08-16 12:10:17,705	INFO	Removing stale latest directory /srv/mm/3rrr/latest/ENS/
2026-08-16 12:10:17,710	INFO	Copy the ENS show files to show and latest folders
2026-08-16 12:10:23,493	INFO	Local web server publishing of files started
2026-08-16 12:10:24,920	INFO	Removing old file /var/www/eagg/files/Einstein-A-Go-Go-20260802.mp3
2026-08-16 12:10:24,922	INFO	Removing old file /var/www/eagg/files/ENS02Aug26.log
2026-08-16 12:10:24,922	INFO	Delete local web server archive file /var/www/eagg/files/archive/Einstein-A-Go-Go-20260621.mp3
2026-08-16 12:10:24,922	INFO	Removing old file /var/www/eagg/files/archive/Einstein-A-Go-Go-20260621.mp3
2026-08-16 12:10:24,953	INFO	Github publishing of files started
