2026-09-27 11:00:00,778	INFO	Start main routine for show ENS27Sep26
2026-09-27 11:00:00,780	INFO	Removing old working directory /srv/mm/3rrr/work20Sep
2026-09-27 11:00:00,797	INFO	Removing old show directory /srv/mm/3rrr/show20Sep
2026-09-27 11:00:00,977	INFO	mplayer cmd: mplayer -endpos 01:02:00 -quiet -nocache -vo null -vc dummy -ao pcm:waveheader:file=/srv/mm/3rrr/work27Sep/ENS27Sep26.wav_1.wav http://realtime.rrr.org.au/p1h
2026-09-27 11:00:00,987	INFO	waiting for mplayer to start, count:0
2026-09-27 11:00:01,999	INFO	waiting for mplayer to create the wav file, count:0
2026-09-27 11:00:03,001	INFO	waiting for mplayer to create the wav file, count:1
2026-09-27 11:00:04,002	INFO	waiting for mplayer to create the wav file, count:2
2026-09-27 11:00:05,003	INFO	waiting for the wav file to grow, size:0
2026-09-27 11:00:06,005	INFO	waiting for the wav file to grow, size:1703936
2026-09-27 11:00:07,023	INFO	sampling rate is 44100
2026-09-27 11:00:07,023	INFO	Status info: rc is 1  runtime is 0  remtime is 3720   fsize is 2359296
2026-09-27 11:30:33,873	CRITICAL	ALERT: Wave file is not increasing in size
2026-09-27 11:30:38,892	CRITICAL	ALERT: Wave file is not increasing in size
2026-09-27 11:30:43,906	CRITICAL	ALERT: Wave file is not increasing in size
2026-09-27 11:30:48,920	CRITICAL	ALERT: Wave file is not increasing in size
2026-09-27 12:02:10,817	INFO	Show ENS remaining time: 0
2026-09-27 12:02:15,824	INFO	sox cmd: sox /srv/mm/3rrr/work27Sep/ENS27Sep26.wav_1.wav /srv/mm/3rrr/work27Sep/ENS27Sep26.wav
2026-09-27 12:03:03,320	INFO	sox cmd: sox /srv/mm/3rrr/work27Sep/ENS27Sep26.wav -c1 -b16 /srv/mm/3rrr/work27Sep/Einstein-A-Go-Go-20260927.wav_mon.wav
2026-09-27 12:03:36,204	INFO	sox cmd: sox /srv/mm/3rrr/work27Sep/Einstein-A-Go-Go-20260927.wav /srv/mm/3rrr/work27Sep/Einstein-A-Go-Go-20260927.wav_loud.wav compand 0.01,1 -90,-90,-70,-70,-60,-20,0,0 -5
2026-09-27 12:04:03,442	INFO	lame cmd: lame --quiet -b 320 --add-id3v2 --ty 2026 --tt Einstein A Go Go - 27 September 2026 --tc Einstein A Go Go can be heard every Sunday at 11.00am on 3RRR FM 102.7 MHz in Melbourne, Australia (http://www.rrr.org.au). Visit our website for more information (http://www.rrr.org.au/program/einstein-a-go-go/). --tg Podcast --ta Einstein A Go Go --tl Triple R FM /srv/mm/3rrr/work27Sep/ENS27Sep26.wav /srv/mm/3rrr/work27Sep/ENS27Sep26.mp3
2026-09-27 12:08:03,387	INFO	lame cmd: lame --quiet --preset 64 --add-id3v2 --ty 2026 --tt Einstein A Go Go - 27 September 2026 --tc Einstein A Go Go can be heard every Sunday at 11.00am on 3RRR FM 102.7 MHz in Melbourne, Australia (http://www.rrr.org.au). Visit our website for more information (http://www.rrr.org.au/program/einstein-a-go-go/). --tg Speech --ta Triple R --tl Triple R /srv/mm/3rrr/work27Sep/Einstein-A-Go-Go-20260927.wav /srv/mm/3rrr/work27Sep/Einstein-A-Go-Go-20260927.mp3
2026-09-27 12:10:13,080	INFO	Removing stale latest directory /srv/mm/3rrr/latest/ENS/
2026-09-27 12:10:13,087	INFO	Copy the ENS show files to show and latest folders
2026-09-27 12:10:19,565	INFO	Local web server publishing of files started
2026-09-27 12:10:20,801	INFO	Removing old file /var/www/eagg/files/Einstein-A-Go-Go-20260913.mp3
2026-09-27 12:10:20,829	INFO	Removing old file /var/www/eagg/files/ENS13Sep26.log
2026-09-27 12:10:20,829	INFO	Delete local web server archive file /var/www/eagg/files/archive/Einstein-A-Go-Go-20260802.mp3
2026-09-27 12:10:20,830	INFO	Removing old file /var/www/eagg/files/archive/Einstein-A-Go-Go-20260802.mp3
2026-09-27 12:10:20,908	INFO	Github publishing of files started
